// Jest Snapshot v1, https://goo.gl/fbAQLP

exports[`renders correctly 1`] = `
<button
  className="px-8 py-3 font-semibold text-gray-900 uppercase transition duration-200 ease-in-out bg-white border rounded-sm shadow-sm focus:outline-none hover:border-teal-500 hover:bg-white border-teal-400"
  onClick={[Function]}
  type="button"
>
  SubmitButton
</button>
`;
