// Jest Snapshot v1, https://goo.gl/fbAQLP

exports[`renders correctly 1`] = `
<div
  className="flex flex-col items-center w-full bg-white border rounded shadow-lg"
>
  <div
    className="flex flex-col justify-center w-full p-4 space-y-4"
  >
    <div
      className="p-8"
    >
      <div
        className="flex flex-col items-center justify-center mt-8 text-red-500"
      >
        <svg
          className="h-8"
        >
          shield-exclamation.svg
        </svg>
        <span
          className="text-xl font-bold "
        >
          Failure
        </span>
      </div>
    </div>
  </div>
  <footer
    className="flex justify-center w-full p-4 bg-gray-100 border-t border-gray-200"
  >
    <div>
      <p
        className="py-4 font-semibold text-gray-700"
      >
        Invalid hex string
      </p>
    </div>
  </footer>
</div>
`;
