// Jest Snapshot v1, https://goo.gl/fbAQLP

exports[`renders correctly 1`] = `
<div
  className="container mx-auto"
>
  <section
    className="mt-8"
  >
    <label
      className="text-xs font-medium leading-4 tracking-wider text-gray-700 uppercase"
    >
      What do you want to trade
    </label>
    <div
      className="flex items-center -mx-3"
    >
      <button
        className="flex-grow px-3 focus:outline-none"
        onClick={[Function]}
      >
        <div
          className="relative flex justify-between items-center border rounded border-teal-400 shadow"
        >
          <div
            className="flex flex-col items-start p-4"
          >
            <span
              className="text-left font-bold text-gray-900"
            >
              Bitcoin
            </span>
            <p
              className="text-sm text-left text-gray-600"
            >
              You are giving Bitcoin away
            </p>
          </div>
          <div
            className="flex flex-col items-center justify-center"
          >
            <span
              className="p-1 m-1 text-xs font-thin text-gray-500"
            />
            <span
              className="mb-4 mr-4 text-3xl font-bold hidden md:block text-gray-900 "
            >
              BTC
            </span>
          </div>
        </div>
      </button>
      <button
        className="flex-grow px-3 focus:outline-none"
        onClick={[Function]}
      >
        <div
          className="relative flex justify-between items-center border rounded border-gray-200 bg-gray-100"
        >
          <div
            className="flex flex-col items-start p-4"
          >
            <span
              className="text-left font-bold text-gray-600"
            >
              Bitshares
            </span>
            <p
              className="text-sm text-left text-gray-400"
            />
          </div>
          <div
            className="flex flex-col items-center justify-center"
          >
            <span
              className="p-1 m-1 text-xs font-thin text-gray-500"
            />
            <span
              className="mb-4 mr-4 text-3xl font-bold hidden md:block text-gray-300"
            >
              BTS
            </span>
          </div>
        </div>
      </button>
    </div>
  </section>
  <section
    className="items-center justify-between mt-12 md:space-x-4 md:flex"
  >
    <div
      className="flex-grow"
    >
      <label
        className="text-xs font-medium leading-4 tracking-wider text-gray-700 uppercase"
      >
        Amount to send
      </label>
      <div
        className="relative"
      >
        <span
          className="absolute inset-y-0 right-0 flex items-center mr-6 text-sm text-gray-600"
        >
          BTC
                     
        </span>
        <input
          className="w-full py-3 font-mono text-center text-gray-700 bg-gray-100 border border-gray-200 rounded focus:bg-white focus:border-teal-400"
          min={0}
          name="amountToSend"
          onChange={[Function]}
          placeholder="0.00000000"
          required={true}
          step={1e-8}
          type="number"
          value=""
        />
      </div>
    </div>
    <div
      className="flex-grow"
    >
      <label
        className="text-xs font-medium leading-4 tracking-wider text-gray-700 uppercase"
      >
        Rate
      </label>
      <div
        className="relative"
      >
        <div
          className="absolute inset-y-0 right-0 flex flex-col items-center justify-center mr-6 text-xs text-gray-600"
        >
          <span>
            BTS
          </span>
          <span
            className="border-t border-gray-500"
          >
            BTC
          </span>
        </div>
        <input
          className="w-full py-3 font-mono text-center text-gray-700 bg-gray-100 border border-gray-200 rounded focus:bg-white focus:border-teal-400"
          min={0}
          name="rate"
          onChange={[Function]}
          placeholder="0.0000"
          required={true}
          step={1e-8}
          type="number"
          value=""
        />
      </div>
       
    </div>
    <div
      className="flex-grow"
    >
      <label
        className="text-xs font-medium leading-4 tracking-wider text-gray-700 uppercase"
      >
        excluding fees you will receive
      </label>
      <div
        className="relative"
      >
        <span
          className="absolute inset-y-0 right-0 flex items-center mr-6 text-sm text-gray-600"
        >
          BTS
                     
        </span>
        <span
          className="block w-full py-3 text-center text-gray-700 border border-gray-200 rounded focus:border-teal-500"
        >
          0
        </span>
      </div>
    </div>
  </section>
  <section
    className="mt-12 md:space-x-4 md:flex"
  >
    <div
      className=" md:w-1/2"
    >
      <label
        className="text-xs font-medium leading-4 tracking-wider text-gray-700 uppercase"
      >
        Bitcoin public address
      </label>
      <input
        className="w-full py-3 font-mono text-center text-gray-700 bg-gray-100 border border-gray-200 rounded focus:bg-white focus:border-teal-400"
        name="bitcoinPublicAddress"
        onChange={[Function]}
        placeholder="randomLookingHash"
        required={true}
        type="text"
        value=""
      />
    </div>
    <div
      className="mt-4 md:w-1/2 md:mt-0"
    >
      <label
        className="text-xs font-medium leading-4 tracking-wider text-gray-700 uppercase"
      >
        Bitshares account name
      </label>
      <input
        className="w-full py-3 font-mono text-center text-gray-700 bg-gray-100 border border-gray-200 rounded focus:bg-white focus:border-teal-400"
        name="bitsharesAccountName"
        onChange={[Function]}
        placeholder="amos"
        required={true}
        type="text"
        value=""
      />
    </div>
  </section>
  <section
    className="mt-24 md:space-x-4 md:flex"
  >
    <div
      className=" md:w-1/2"
    >
      <label
        className="text-xs font-medium leading-4 tracking-wider text-gray-700 uppercase"
      >
        Timelock duration (1 block is roughly 10 minutes)
      </label>
      <div
        className="relative"
      >
        <span
          className="absolute inset-y-0 right-0 flex items-center mr-6 text-sm text-gray-600"
        >
          Blocks          
        </span>
        <input
          className="w-full py-3 font-mono text-center text-gray-700 bg-gray-100 border border-gray-200 rounded focus:bg-white focus:border-teal-400"
          max={20}
          min={6}
          name="timelockDuration"
          onChange={[Function]}
          placeholder="6"
          required={true}
          type="number"
          value={6}
        />
      </div>
    </div>
    <div
      className="mt-4 md:w-1/2 md:mt-0"
    >
      <label
        className="text-xs font-medium leading-4 tracking-wider text-gray-700 uppercase"
      >
        Order duration
      </label>
      <div
        className="relative"
      >
        <span
          className="absolute inset-y-0 right-0 flex items-center mr-6 text-sm text-gray-600"
        >
          Days
        </span>
        <input
          className="w-full py-3 font-mono text-center text-gray-700 bg-gray-100 border border-gray-200 rounded focus:bg-white focus:border-teal-400"
          max={7}
          min={1}
          name="orderDuration"
          onChange={[Function]}
          placeholder="how long your order will stay active"
          required={true}
          type="number"
          value={7}
        />
      </div>
    </div>
  </section>
  <section
    className="mt-12"
  >
    <label
      className="text-xs font-medium leading-4 tracking-wider text-gray-700 uppercase"
    >
      Choose your priority
    </label>
    <div
      className="flex items-center -mx-3"
    >
      <button
        className="w-1/3 px-3 focus:outline-none"
        onClick={[Function]}
      >
        <div
          className="relative flex justify-between items-center border rounded border-teal-400 shadow"
        >
          <div
            className="flex flex-col items-start p-4"
          >
            <span
              className="text-left font-bold text-gray-900"
            >
              HIGH
            </span>
            <p
              className="text-sm text-left text-gray-600"
            >
              You pay the highest fees to increase the chance for your transaction to be picked up by the miners.
            </p>
          </div>
          <div
            className="flex flex-col items-center justify-center"
          >
            <span
              className="p-1 m-1 text-xs font-thin text-gray-500"
            />
            <span
              className="mb-4 mr-4 text-3xl font-bold hidden md:block text-gray-900 "
            />
          </div>
        </div>
      </button>
      <button
        className="w-1/3 px-3 focus:outline-none"
        onClick={[Function]}
      >
        <div
          className="relative flex justify-between items-center border rounded border-gray-200 bg-gray-100"
        >
          <div
            className="flex flex-col items-start p-4"
          >
            <span
              className="text-left font-bold text-gray-600"
            >
              MEDIUM
            </span>
            <p
              className="text-sm text-left text-gray-400"
            >
              You pay a moderate amount of fees so miners will probably confirm your transaction soon.
            </p>
          </div>
          <div
            className="flex flex-col items-center justify-center"
          >
            <span
              className="p-1 m-1 text-xs font-thin text-gray-500"
            />
            <span
              className="mb-4 mr-4 text-3xl font-bold hidden md:block text-gray-300"
            />
          </div>
        </div>
      </button>
      <button
        className="w-1/3 px-3 focus:outline-none"
        onClick={[Function]}
      >
        <div
          className="relative flex justify-between items-center border rounded border-gray-200 bg-gray-100"
        >
          <div
            className="flex flex-col items-start p-4"
          >
            <span
              className="text-left font-bold text-gray-600"
            >
              LOW
            </span>
            <p
              className="text-sm text-left text-gray-400"
            >
              You pay the lowest fees but might have to wait a few more blocks for your transaction to be confirmed.
            </p>
          </div>
          <div
            className="flex flex-col items-center justify-center"
          >
            <span
              className="p-1 m-1 text-xs font-thin text-gray-500"
            />
            <span
              className="mb-4 mr-4 text-3xl font-bold hidden md:block text-gray-300"
            />
          </div>
        </div>
      </button>
    </div>
  </section>
  <footer
    className="pt-12 mt-8 text-center border-t border-gray-300 f"
  >
    <p
      className="-mt-4 pb-4 text-red-500 text-sm hidden"
    >
      Please fill in all fields
    </p>
    <button
      className="bg-gray-100 border-gray-400 inline-flex px-8 py-3 font-semibold text-gray-900 uppercase transition duration-200 ease-in-out border focus:outline-none rounded-sm hover:bg-white"
      onClick={[Function]}
      type="button"
    >
      Submit
    </button>
  </footer>
</div>
`;
